---
source: tests/base/llm/client.rs
assertion_line: 39
expression: json
---
{
  "choices": [
    {
      "finish_reason": "stop",
      "index": 0,
      "message": {
        "content": "Test content",
        "role": "assistant"
      }
    }
  ],
  "created": 1234567890,
  "id": "chatcmpl-test",
  "model": "gpt-3.5-turbo",
  "object": "chat.completion",
  "usage": {
    "completion_tokens": 5,
    "prompt_tokens": 10,
    "total_tokens": 15
  }
}
